---
"#selecting selects using arel 1": SELECT "posts"."id", "posts"."title" FROM "posts"
"#selecting selects associations 1": SELECT "posts"."id", "authors"."id" FROM "posts"
  INNER JOIN "authors" ON "authors"."id" = "posts"."author_id"
"#selecting selects aggregates 1": SELECT COUNT("posts"."id") FROM "posts"
"#selecting selects using functions 1": SELECT coalesce("posts"."id", "authors"."id")
  FROM "posts" INNER JOIN "authors" ON "authors"."id" = "posts"."author_id"
"#selecting selects using operations 1": SELECT ("authors"."id" - "posts"."id") FROM
  "posts" INNER JOIN "authors" ON "authors"."id" = "posts"."author_id"
"#selecting selects on an aliased table 1": SELECT "posts_authors"."id" FROM "posts"
  INNER JOIN "authors" ON "authors"."id" = "posts"."author_id" INNER JOIN "posts"
  "posts_authors" ON "posts_authors"."author_id" = "authors"."id"
"#selecting selects on an aliased table 1 (Active Record: v8.1)": SELECT "posts_authors"."id"
  FROM "posts" INNER JOIN "authors" ON "authors"."id" = "posts"."author_id" INNER
  JOIN "posts" AS "posts_authors" ON "posts_authors"."author_id" = "authors"."id"
