---
"#when_having adds a having clause 1": SELECT COUNT("posts"."id") FROM "posts" GROUP
  BY "posts"."author_id" HAVING COUNT("posts"."id") > 5
"#when_having adds a having clause with a calculation 1": SELECT COUNT("posts"."id")
  FROM "posts" GROUP BY ("posts"."author_id" + 5) * 3 HAVING COUNT("posts"."id") >
  5
"#when_having adds a having clause with an association 1": SELECT COUNT("posts"."id")
  FROM "posts" INNER JOIN "authors" ON "authors"."id" = "posts"."author_id" GROUP
  BY "authors"."id" HAVING COUNT("authors"."id") > 5
"#when_having adds a having clause with an aliased table 1": SELECT COUNT("posts_authors"."id")
  FROM "posts" INNER JOIN "authors" ON "authors"."id" = "posts"."author_id" INNER
  JOIN "posts" "posts_authors" ON "posts_authors"."author_id" = "authors"."id" GROUP
  BY "posts_authors"."id" HAVING COUNT("posts_authors"."id") > 5
"#when_having adds a having clause with an aliased table 1 (Active Record: v8.1)": SELECT
  COUNT("posts_authors"."id") FROM "posts" INNER JOIN "authors" ON "authors"."id"
  = "posts"."author_id" INNER JOIN "posts" AS "posts_authors" ON "posts_authors"."author_id"
  = "authors"."id" GROUP BY "posts_authors"."id" HAVING COUNT("posts_authors"."id")
  > 5
